                                      1 ;--------------------------------------------------------
                                      2 ; File Created by SDCC : free open source ISO C Compiler
                                      3 ; Version 4.5.0 #15242 (Linux)
                                      4 ;--------------------------------------------------------
                                      5 	.module main
                                      6 	
                                      7 ;--------------------------------------------------------
                                      8 ; Public variables in this module
                                      9 ;--------------------------------------------------------
                                     10 	.globl _main
                                     11 	.globl _rtc_isr
                                     12 ;--------------------------------------------------------
                                     13 ; ram data
                                     14 ;--------------------------------------------------------
                                     15 	.area DATA
                                     16 ;--------------------------------------------------------
                                     17 ; ram data
                                     18 ;--------------------------------------------------------
                                     19 	.area INITIALIZED
                                     20 ;--------------------------------------------------------
                                     21 ; Stack segment in internal ram
                                     22 ;--------------------------------------------------------
                                     23 	.area SSEG
      000000                         24 __start__stack:
      000000                         25 	.ds	1
                                     26 
                                     27 ;--------------------------------------------------------
                                     28 ; absolute external ram data
                                     29 ;--------------------------------------------------------
                                     30 	.area DABS (ABS)
                                     31 
                                     32 ; default segment ordering for linker
                                     33 	.area HOME
                                     34 	.area GSINIT
                                     35 	.area GSFINAL
                                     36 	.area CONST
                                     37 	.area INITIALIZER
                                     38 	.area CODE
                                     39 
                                     40 ;--------------------------------------------------------
                                     41 ; interrupt vector
                                     42 ;--------------------------------------------------------
                                     43 	.area HOME
      000000                         44 __interrupt_vect:
      000000 82v00u00u00             45 	int s_GSINIT ; reset
      000004 82 00 00 00             46 	int 0x000000 ; trap
      000008 82 00 00 00             47 	int 0x000000 ; int0
      00000C 82 00 00 00             48 	int 0x000000 ; int1
      000010 82 00 00 00             49 	int 0x000000 ; int2
      000014 82v00u00u00             50 	int _rtc_isr ; int3
                                     51 ;--------------------------------------------------------
                                     52 ; global & static initialisations
                                     53 ;--------------------------------------------------------
                                     54 	.area HOME
                                     55 	.area GSINIT
                                     56 	.area GSFINAL
                                     57 	.area GSINIT
      000000 CDr00r00         [ 4]   58 	call	___sdcc_external_startup
      000003 4D               [ 1]   59 	tnz	a
      000004 27 03            [ 1]   60 	jreq	__sdcc_init_data
      000006 CCr00r18         [ 2]   61 	jp	__sdcc_program_startup
      000009                         62 __sdcc_init_data:
                                     63 ; stm8_genXINIT() start
      000009 AEr00r00         [ 2]   64 	ldw x, #l_DATA
      00000C 27 07            [ 1]   65 	jreq	00002$
      00000E                         66 00001$:
      00000E 72 4FuFFuFF      [ 1]   67 	clr (s_DATA - 1, x)
      000012 5A               [ 2]   68 	decw x
      000013 26 F9            [ 1]   69 	jrne	00001$
      000015                         70 00002$:
      000015 AEr00r00         [ 2]   71 	ldw	x, #l_INITIALIZER
      000018 27 09            [ 1]   72 	jreq	00004$
      00001A                         73 00003$:
      00001A D6uFFuFF         [ 1]   74 	ld	a, (s_INITIALIZER - 1, x)
      00001D D7uFFuFF         [ 1]   75 	ld	(s_INITIALIZED - 1, x), a
      000020 5A               [ 2]   76 	decw	x
      000021 26 F7            [ 1]   77 	jrne	00003$
      000023                         78 00004$:
                                     79 ; stm8_genXINIT() end
                                     80 	.area GSFINAL
      000000 CCr00r18         [ 2]   81 	jp	__sdcc_program_startup
                                     82 ;--------------------------------------------------------
                                     83 ; Home
                                     84 ;--------------------------------------------------------
                                     85 	.area HOME
                                     86 	.area HOME
      000018                         87 __sdcc_program_startup:
      000018 CCr00r16         [ 2]   88 	jp	_main
                                     89 ;	return from main will return to caller
                                     90 ;--------------------------------------------------------
                                     91 ; code
                                     92 ;--------------------------------------------------------
                                     93 	.area CODE
                                     94 ;	main.c: 43: void rtc_isr (void) __interrupt(3){
                                     95 ;	-----------------------------------------
                                     96 ;	 function rtc_isr
                                     97 ;	-----------------------------------------
      000000                         98 _rtc_isr:
      000000 4F               [ 1]   99 	clr	a
      000001 62               [ 2]  100 	div	x, a
                                    101 ;	main.c: 51: __endasm;
      000002 C6 50 01         [ 1]  102 	LD	A, 0x5001
      000005 72 02 00 70 0B   [ 2]  103 	BTJT	0x70,#1, NoSecUpd
      00000A 72 09 00 53 06   [ 2]  104 	BTJF	0x53,#4,NoSecUpd; Skip incrementation if changing clock
      00000F 3C 60            [ 1]  105 	INC	0x60
      000011 72 12 00 70      [ 1]  106 	BSET	0x70,#1 ; Debounce
      000015                        107 NoSecUpd:
                                    108 ;	main.c: 52: }
      000015 80               [11]  109 	iret
                                    110 ;	main.c: 55: void main(void){
                                    111 ;	-----------------------------------------
                                    112 ;	 function main
                                    113 ;	-----------------------------------------
      000016                        114 _main:
                                    115 ;	main.c: 754: __endasm;
      000016                        116 Setup:
                                    117 ;	Misc Variables
      000016 3F 51            [ 1]  118 	CLR	0x51 ; Regular Mode = 0, AlarmSet = 1, TimeSet = 2;
      000018 3F 70            [ 1]  119 	CLR	0x70 ; SWQ FLAG
      00001A 72 12 00 52      [ 1]  120 	BSET	0x52,#1 ; Allows button pressses to be registered. Cleared when button pressed, set every second
      00001E 72 14 00 52      [ 1]  121 	BSET	0x52,#2 ; Doubles debounce cuz yeah
      000022 3F 53            [ 1]  122 	CLR	0x53 ; BeeperOn|AlmGoing|AlmSet|Count|UpdateSec|R Disp|A Disp|C Disp|
      000024 72 16 00 53      [ 1]  123 	BSET	0x53,#3 ; UpdateSec Enabled on start
      000028 72 18 00 53      [ 1]  124 	BSET	0x53,#4 ; Count Enabled on start
      00002C 72 1A 00 53      [ 1]  125 	BSET	0x53,#5 ; Alm Enabled on start
      000030 72 1D 00 53      [ 1]  126 	BRES	0x53,#6 ; Beeper not on
      000034 3F 54            [ 1]  127 	CLR	0x54 ; Used toAlm hold cursor position on clk change
      000036 3F 55            [ 1]  128 	CLR	0x55 ; Index to hold what number to increment
      000038 3F 56            [ 1]  129 	CLR	0x56 ; Used toAlm hold cursor position on clk change
      00003A 3F 57            [ 1]  130 	CLR	0x57 ; Index to hold what number to increment
                                    131 ;	Timer setup
      00003C 35 00 50 C6      [ 1]  132 	MOV	0x50C6, #0x00 ; Set clock to 16mhz
      000040 35 10 52 50      [ 1]  133 	MOV	0x5250, #0b00010000 ; Set clock registers
      000044 35 00 52 60      [ 1]  134 	MOV	0x5260, #0x00 ; Dont divide clock
      000048 35 0F 52 61      [ 1]  135 	MOV	0x5261, #0x0F ; Dont divide clock
      00004C 35 4E 52 62      [ 1]  136 	MOV	0x5262, #0x4E ; ARRH
      000050 35 20 52 63      [ 1]  137 	MOV	0x5263, #0x20; ARRL
      000054 35 00 14 B4      [ 1]  138 	MOV	5300, #0x00; Set clock registers
      000058 35 04 53 0E      [ 1]  139 	MOV	0x530E, #0x04
      00005C 35 03 53 0F      [ 1]  140 	MOV	0x530F, #0x03 ; ARRH
      000060 35 E8 53 10      [ 1]  141 	MOV	0x5310, #0xE8 ; ARRL
      000064 72 11 53 04      [ 1]  142 	BRES	0x5304, #0
      000068 72 10 53 00      [ 1]  143 	BSET	0x5300, #0
      00006C 72 5F 50 3F      [ 1]  144 	CLR	0x503F
                                    145 ;	Interrupt Settings =================================================
      000070 9A               [ 1]  146 	RIM	; Clear interrupt masks
      000071 35 02 50 A0      [ 1]  147 	MOV	0x50A0 ,#0b00000010 ; Set falling edge for port A
                                    148 ;	Clock Settings =====================================================
      000075 AE 00 64         [ 2]  149 	LDW	X,#100; Timer for Xms
      000078 3F 60            [ 1]  150 	CLR	0x60 ; Sec Low
      00007A 3F 61            [ 1]  151 	CLR	0x61 ; Sec High
      00007C 3F 62            [ 1]  152 	CLR	0x62 ; Min Low
      00007E 3F 63            [ 1]  153 	CLR	0x63 ; Min High
      000080 35 02 00 64      [ 1]  154 	MOV	0x64,#2 ; Hr LOW
      000084 35 01 00 65      [ 1]  155 	MOV	0x65,#1 ; Hr High Set to 12oclock
      000088 3F 66            [ 1]  156 	CLR	0x66 ; ASec Low
      00008A 3F 67            [ 1]  157 	CLR	0x67 ; ASec High
      00008C 3F 68            [ 1]  158 	CLR	0x68 ; AMin Low
      00008E 3F 69            [ 1]  159 	CLR	0x69 ; AMin High
      000090 3F 6A            [ 1]  160 	CLR	0x6A ; AHr Low
      000092 3F 6B            [ 1]  161 	CLR	0x6B ; AHr High ; Set alarm to midnight
                                    162 ;	Gpio Setup ; ========================================================
      000094 72 16 50 02      [ 1]  163 	BSET	0x5002, #3
      000098 72 16 50 03      [ 1]  164 	BSET	0x5003, #3
      00009C 72 13 50 02      [ 1]  165 	BRES	0x5002, #1 ; PA_DDR bit3 = 0
      0000A0 72 13 50 03      [ 1]  166 	BRES	0x5003, #1 ; PA_CR1 bit3 = 1
      0000A4 72 5F 50 04      [ 1]  167 	CLR	0x5004
      0000A8 72 12 50 04      [ 1]  168 	BSET	0x5004, #1 ; PA_CR2 bit3 = 1
      0000AC 35 FF 50 11      [ 1]  169 	MOV	0x5011, #0xFF
      0000B0 35 FF 50 12      [ 1]  170 	MOV	0x5012, #0XFF
      0000B4 35 FF 50 0D      [ 1]  171 	MOV	0x500D, #0xFF
                                    172 ;	LCD Setup ===========================================================
      0000B8 CDr03rFF         [ 4]  173 	CALL	ClearShift
      0000BB A6 30            [ 1]  174 	LD	A, #0b00110000; Fx Set Cmd
      0000BD CDr04r20         [ 4]  175 	CALL	PopulateShift
      0000C0 CDr04r58         [ 4]  176 	CALL	SendCommand
      0000C3 CDr03rFF         [ 4]  177 	CALL	ClearShift
      0000C6 A6 0C            [ 1]  178 	LD	A, #0b00001100; Display On
      0000C8 CDr04r20         [ 4]  179 	CALL	PopulateShift
      0000CB CDr04r58         [ 4]  180 	CALL	SendCommand
      0000CE CDr03rFF         [ 4]  181 	CALL	ClearShift
      0000D1 A6 06            [ 1]  182 	LD	A, #0b00000110; Entry mode Set
      0000D3 CDr04r20         [ 4]  183 	CALL	PopulateShift
      0000D6 CDr04r58         [ 4]  184 	CALL	SendCommand
      0000D9 CDr03rFF         [ 4]  185 	CALL	ClearShift
      0000DC CDr04r9E         [ 4]  186 	CALL	ClearScreen
      0000DF CDr05r16         [ 4]  187 	CALL	ResetClk
      0000E2                        188 Delayloop:
      0000E2 72 0A 50 0B 2B   [ 2]  189 	BTJT	0x500B,#5,Skip ; If pressed changes what mode user is in C5
      0000E7 72 03 00 52 26   [ 2]  190 	BTJF	0x52,#1,Skip
      0000EC 72 05 00 52 21   [ 2]  191 	BTJF	0x52,#2,Skip
      0000F1 CDr05r16         [ 4]  192 	CALL	ResetClk
      0000F4 72 13 00 52      [ 1]  193 	BRES	0x52,#1
      0000F8 72 15 00 52      [ 1]  194 	BRES	0x52,#2
      0000FC 3C 51            [ 1]  195 	INC	0x51 ; Change Mode If button is hit
      0000FE 72 11 00 53      [ 1]  196 	BRES	0x53,#0
      000102 72 13 00 53      [ 1]  197 	BRES	0x53,#1
      000106 72 15 00 53      [ 1]  198 	BRES	0x53,#2
      00010A B6 51            [ 1]  199 	LD	A,0x51 ; Check what mode user is currently in
      00010C A1 03            [ 1]  200 	CP	A,#3
      00010E 26 02            [ 1]  201 	JRNE	Skip ; Overflow to Normal mode (0)
      000110 3F 51            [ 1]  202 	CLR	0x51
      000112                        203 Skip:
      000112 72 01 53 04 CB   [ 2]  204 	BTJF	0x5304, #0, Delayloop ; Wait for a ms
      000117 72 11 53 04      [ 1]  205 	BRES	0x5304, #0 ; Reset UIF
      00011B 72 0D 00 53 03   [ 2]  206 	BTJF	0x53,#6,NoBeep
      000120 CDr05rFE         [ 4]  207 	CALL	MakeBeep
      000123                        208 NoBeep:
      000123 CDr02r3F         [ 4]  209 	CALL	ClockMode ; Goto Clock Logic
      000126 5A               [ 2]  210 	DECW	X ; Keep track of timing
      000127 27 03            [ 1]  211 	JREQ	EndLoop
      000129 CCr00rE2         [ 2]  212 	JP	Delayloop
      00012C                        213 EndLoop:
      00012C 72 02 00 52 07   [ 2]  214 	BTJT	0x52,#1,SetTwo
      000131 72 12 00 52      [ 1]  215 	BSET	0x52,#1 ; Second over allow for button presses again
      000135 CCr01r3C         [ 2]  216 	JP	SkipTwo
      000138                        217 SetTwo:
      000138 72 14 00 52      [ 1]  218 	BSET	0x52,#2
      00013C                        219 SkipTwo:
      00013C 72 13 00 70      [ 1]  220 	BRES	0x70,#1 ; Reset debounce logic
      000140 72 11 53 04      [ 1]  221 	BRES	0x5304, #0 ; Reset UIF
      000144 CDr01r70         [ 4]  222 	CALL	CheckAlarm
      000147 90 1E 00 53      [ 1]  223 	BCPL	0x53,#7 ; Toggle alm every second
      00014B AE 00 64         [ 2]  224 	LDW	X, #100; Reset timing register
      00014E 72 09 00 53 1A   [ 2]  225 	BTJF	0x53,#4,SkipSec ; Skip incrementation if changing clock
                                    226 ;	INC 0x60 ; Increment seconds NOT ACCURATE ONLY USE IF RTC NOT PRESENT
      000153 72 02 00 53 03   [ 2]  227 	BTJT	0x53,#1,SkipAdj
      000158 CDr04rCF         [ 4]  228 	CALL	AdjustTime ; Adjust for time overflows
      00015B                        229 SkipAdj:
      00015B 72 07 00 53 0D   [ 2]  230 	BTJF	0x53,#3,SkipSec ; Skip updating display if user is in alarm mode (keeps track in background)
      000160 CDr04r92         [ 4]  231 	CALL	Backspace ; Print seconds
      000163 B6 60            [ 1]  232 	LD	A, 0x60
      000165 AB 30            [ 1]  233 	ADD	A,#48 ; Adjust to ASCII
      000167 CDr04r20         [ 4]  234 	CALL	PopulateShift
      00016A CDr04r73         [ 4]  235 	CALL	SendLetter
      00016D                        236 SkipSec:
      00016D CCr00rE2         [ 2]  237 	JP	Delayloop
      000170                        238 CheckAlarm:
      000170 B6 51            [ 1]  239 	LD	A,0x51
      000172 A1 00            [ 1]  240 	CP	A,#0 ; Is in regular mode?
      000174 26 21            [ 1]  241 	JRNE	ChkDone
      000176 72 0B 00 53 1C   [ 2]  242 	BTJF	0x53,#5,ChkDone ; alarm disabled?
      00017B B6 6B            [ 1]  243 	LD	A,0x6B ; alarm hr high
      00017D B1 65            [ 1]  244 	CP	A,0x65
      00017F 26 16            [ 1]  245 	JRNE	ChkDone
      000181 B6 6A            [ 1]  246 	LD	A,0x6A ; alarm hr low
      000183 B1 64            [ 1]  247 	CP	A,0x64
      000185 26 10            [ 1]  248 	JRNE	ChkDone
      000187 B6 69            [ 1]  249 	LD	A,0x69 ; alarm min high
      000189 B1 63            [ 1]  250 	CP	A,0x63
      00018B 26 0A            [ 1]  251 	JRNE	ChkDone
      00018D B6 68            [ 1]  252 	LD	A,0x68 ; alarm min low
      00018F B1 62            [ 1]  253 	CP	A,0x62
      000191 26 04            [ 1]  254 	JRNE	ChkDone
      000193 72 1C 00 53      [ 1]  255 	BSET	0x53,#6 ; start beeping
      000197                        256 ChkDone:
      000197 81               [ 4]  257 	RET
      000198                        258 RegularMode:
      000198 72 16 00 53      [ 1]  259 	BSET	0x53,#3 ; Make sure seconds are being updated
      00019C 72 18 00 53      [ 1]  260 	BSET	0x53,#4 ; And the clock is ticking
      0001A0 72 04 00 53 35   [ 2]  261 	BTJT	0x53,#2,SkipDispUpdReg ; Can I update Display?
      0001A5 A6 0C            [ 1]  262 	LD	A, #0b00001100; Update it: (Cursor Off)
      0001A7 CDr04r20         [ 4]  263 	CALL	PopulateShift
      0001AA CDr04r58         [ 4]  264 	CALL	SendCommand
      0001AD CDr03rFF         [ 4]  265 	CALL	ClearShift
      0001B0 72 14 00 53      [ 1]  266 	BSET	0x53,#2
      0001B4 72 11 00 53      [ 1]  267 	BRES	0x53,#0
      0001B8 72 13 00 53      [ 1]  268 	BRES	0x53,#1
      0001BC 72 0B 00 53 0E   [ 2]  269 	BTJF	0x53,#5,NoAlmIcon
      0001C1 A6 2A            [ 1]  270 	LD	A,#0x2A
      0001C3 CDr04r20         [ 4]  271 	CALL	PopulateShift
      0001C6 CDr04r73         [ 4]  272 	CALL	SendLetter
      0001C9 CDr04r92         [ 4]  273 	CALL	Backspace
      0001CC CCr01rDA         [ 2]  274 	JP	SkipDispUpdReg
      0001CF                        275 NoAlmIcon:
      0001CF A6 20            [ 1]  276 	LD	A,#0x20
      0001D1 CDr04r20         [ 4]  277 	CALL	PopulateShift
      0001D4 CDr04r73         [ 4]  278 	CALL	SendLetter
      0001D7 CDr04r92         [ 4]  279 	CALL	Backspace
      0001DA                        280 SkipDispUpdReg:
      0001DA 72 0E 50 0B 36   [ 2]  281 	BTJT	0x500B,#7, SkipAlmToggle
      0001DF 72 03 00 52 31   [ 2]  282 	BTJF	0x52,#1, SkipAlmToggle
      0001E4 72 05 00 52 2C   [ 2]  283 	BTJF	0x52,#2, SkipAlmToggle
      0001E9 72 13 00 52      [ 1]  284 	BRES	0x52,#1
      0001ED 72 15 00 52      [ 1]  285 	BRES	0x52,#2
      0001F1 90 1A 00 53      [ 1]  286 	BCPL	0x53,#5 ; Toggle Alarm
      0001F5 72 0A 00 53 13   [ 2]  287 	BTJT	0x53,#5, EnableAlm
      0001FA                        288 DisableAlm:
      0001FA 72 1F 00 53      [ 1]  289 	BRES	0x53,#7
      0001FE 72 1D 00 53      [ 1]  290 	BRES	0x53,#6
      000202 72 1B 00 53      [ 1]  291 	BRES	0x53,#5
      000206 72 15 00 53      [ 1]  292 	BRES	0x53,#2
      00020A CCr02r15         [ 2]  293 	JP	SkipAlmToggle
      00020D                        294 EnableAlm:
      00020D 72 1A 00 53      [ 1]  295 	BSET	0x53,#5
      000211 72 15 00 53      [ 1]  296 	BRES	0x53,#2
      000215                        297 SkipAlmToggle:
      000215 72 0C 50 0B 24   [ 2]  298 	BTJT	0x500B,#6, SkipSnooze
      00021A 72 03 00 52 1F   [ 2]  299 	BTJF	0x52,#1, SkipSnooze
      00021F 72 05 00 52 1A   [ 2]  300 	BTJF	0x52,#2, SkipSnooze
      000224 72 13 00 52      [ 1]  301 	BRES	0x52,#1
      000228 72 15 00 52      [ 1]  302 	BRES	0x52,#2
      00022C 72 0D 00 53 0D   [ 2]  303 	BTJF	0x53,#6,SkipSnooze ; only snooze alarm that is going
      000231 3C 68            [ 1]  304 	INC	0x68 ; Add a minute to the alarm
      000233 CDr04rCF         [ 4]  305 	CALL	AdjustTime
      000236 72 1D 00 53      [ 1]  306 	BRES	0x53,#6 ;Silence alarm
      00023A 72 1F 00 53      [ 1]  307 	BRES	0x53,#7
      00023E                        308 SkipSnooze:
      00023E 81               [ 4]  309 	RET
      00023F                        310 ClockMode:
      00023F 72 00 00 51 08   [ 2]  311 	BTJT	0x51,#0,AlarmSet
      000244 72 02 00 51 40   [ 2]  312 	BTJT	0x51,#1,ClockSet
      000249 CCr01r98         [ 2]  313 	JP	RegularMode
      00024C                        314 AlarmSet:
      00024C 72 16 00 53      [ 1]  315 	BSET	0x53,#3 ; Stop Updating seconds *************************************
      000250 72 19 00 53      [ 1]  316 	BRES	0x53,#4 ; Stop Counting
      000254 72 02 00 53 2C   [ 2]  317 	BTJT	0x53,#1,SkipDispUpdAlm ; Is alarm already configured?
      000259 CDr05r8A         [ 4]  318 	CALL	DispAlarm ; No configure it
      00025C A6 0E            [ 1]  319 	LD	A, #0b00001110; Cursor On
      00025E CDr04r20         [ 4]  320 	CALL	PopulateShift
      000261 CDr04r58         [ 4]  321 	CALL	SendCommand
      000264 CDr03rFF         [ 4]  322 	CALL	ClearShift
      000267 72 11 00 53      [ 1]  323 	BRES	0x53,#0 ; Set mode to alarm
      00026B 72 15 00 53      [ 1]  324 	BRES	0x53,#2
      00026F 72 12 00 53      [ 1]  325 	BSET	0x53,#1
      000273 A6 41            [ 1]  326 	LD	A,#0x41
      000275 CDr04r20         [ 4]  327 	CALL	PopulateShift
      000278 CDr04r73         [ 4]  328 	CALL	SendLetter
      00027B CDr04r92         [ 4]  329 	CALL	Backspace
      00027E CDr04rB6         [ 4]  330 	CALL	ReturnHome
      000281 3F 56            [ 1]  331 	CLR	0x56 ; Reset alarm variables
      000283 3F 57            [ 1]  332 	CLR	0x57
      000285                        333 SkipDispUpdAlm:
      000285 CDr03r60         [ 4]  334 	CALL	AlarmSetLogic ; Set alarm
      000288 81               [ 4]  335 	RET
      000289                        336 ClockSet:
      000289 3F 56            [ 1]  337 	CLR	0x56 ; Reset cursor position
      00028B 89               [ 2]  338 	PUSHW	X ; Perserve X
      00028C 72 17 00 53      [ 1]  339 	BRES	0x53,#3 ; Stop updating seconds
      000290 72 19 00 53      [ 1]  340 	BRES	0x53,#4 ; Stop counting
      000294 72 00 00 53 29   [ 2]  341 	BTJT	0x53,#0,SkipDispUpdClk ; Is clock configured
      000299 A6 0E            [ 1]  342 	LD	A, #0b00001110 ; No confiure it
      00029B CDr04r20         [ 4]  343 	CALL	PopulateShift
      00029E CDr04r58         [ 4]  344 	CALL	SendCommand
      0002A1 CDr03rFF         [ 4]  345 	CALL	ClearShift
      0002A4 72 13 00 53      [ 1]  346 	BRES	0x53,#1
      0002A8 72 15 00 53      [ 1]  347 	BRES	0x53,#2
      0002AC 72 10 00 53      [ 1]  348 	BSET	0x53,#0
      0002B0 A6 43            [ 1]  349 	LD	A,#0x43
      0002B2 CDr04r20         [ 4]  350 	CALL	PopulateShift
      0002B5 CDr04r73         [ 4]  351 	CALL	SendLetter
      0002B8 CDr04r92         [ 4]  352 	CALL	Backspace
      0002BB CDr04rB6         [ 4]  353 	CALL	ReturnHome
      0002BE 3F 54            [ 1]  354 	CLR	0x54 ; Reset cursor
      0002C0 3F 55            [ 1]  355 	CLR	0x55
      0002C2                        356 SkipDispUpdClk:
      0002C2 72 0E 50 0B 3C   [ 2]  357 	BTJT	0x500B,#7,SkipClkMov ; Button Press?
      0002C7 72 03 00 52 37   [ 2]  358 	BTJF	0x52,#1,SkipClkMov
      0002CC 72 05 00 52 32   [ 2]  359 	BTJF	0x52,#2,SkipClkMov
      0002D1 72 13 00 52      [ 1]  360 	BRES	0x52,#1 ; Debounce
      0002D5 72 15 00 52      [ 1]  361 	BRES	0x52,#2 ; Debounce
      0002D9 3C 54            [ 1]  362 	INC	0x54 ; Cursor move logic ==================
      0002DB 3C 55            [ 1]  363 	INC	0x55
      0002DD B6 54            [ 1]  364 	LD	A,0x54
      0002DF A1 02            [ 1]  365 	CP	A,#2
      0002E1 27 0B            [ 1]  366 	JREQ	MovTwo
      0002E3 A1 05            [ 1]  367 	CP	A,#5
      0002E5 27 07            [ 1]  368 	JREQ	MovTwo
      0002E7 A1 08            [ 1]  369 	CP	A,#8
      0002E9 27 0E            [ 1]  370 	JREQ	ToStart
      0002EB CCr02rF3         [ 2]  371 	JP	MovOne
      0002EE                        372 MovTwo:
      0002EE CDr04rAA         [ 4]  373 	CALL	MovRight
      0002F1 3C 54            [ 1]  374 	INC	0x54
      0002F3                        375 MovOne:
      0002F3 CDr04rAA         [ 4]  376 	CALL	MovRight
      0002F6 CCr03r03         [ 2]  377 	JP	SkipClkMov
      0002F9                        378 ToStart:
      0002F9 3F 54            [ 1]  379 	CLR	0x54
      0002FB 3F 55            [ 1]  380 	CLR	0x55
      0002FD CDr04rAA         [ 4]  381 	CALL	MovRight
      000300 CDr04rB6         [ 4]  382 	CALL	ReturnHome
      000303                        383 SkipClkMov:
                                    384 ; Clock change logic ========================
      000303 72 0C 50 0B 56   [ 2]  385 	BTJT	0x500B,#6,SkipClkInc
      000308 72 03 00 52 51   [ 2]  386 	BTJF	0x52,#1,SkipClkInc
      00030D 72 05 00 52 4C   [ 2]  387 	BTJF	0x52,#2,SkipClkInc
      000312 72 13 00 52      [ 1]  388 	BRES	0x52,#1
      000316 72 15 00 52      [ 1]  389 	BRES	0x52,#2
      00031A A6 05            [ 1]  390 	LD	A, #5
      00031C B0 55            [ 1]  391 	SUB	A, 0x55
      00031E 5F               [ 1]  392 	CLRW	X
      00031F 41               [ 1]  393 	EXG	A,XL
      000320 6C 60            [ 1]  394 	INC	(0x60,X)
      000322 B6 55            [ 1]  395 	LD	A, 0x55
      000324 A1 00            [ 1]  396 	CP	A,#0
      000326 27 1E            [ 1]  397 	JREQ	AdjTwo
      000328 A1 02            [ 1]  398 	CP	A,#2
      00032A 27 0F            [ 1]  399 	JREQ	AdjSix
      00032C A1 04            [ 1]  400 	CP	A,#4
      00032E 27 0B            [ 1]  401 	JREQ	AdjSix
      000330 E6 60            [ 1]  402 	LD	A,(0x60,X)
      000332 A1 0A            [ 1]  403 	CP	A,#10
      000334 26 18            [ 1]  404 	JRNE	PrintVal
      000336 6F 60            [ 1]  405 	CLR	(0x60,X)
      000338 CCr03r4E         [ 2]  406 	JP	PrintVal
      00033B                        407 AdjSix:
      00033B E6 60            [ 1]  408 	LD	A,(0x60,X)
      00033D A1 06            [ 1]  409 	CP	A,#6
      00033F 26 0D            [ 1]  410 	JRNE	PrintVal
      000341 6F 60            [ 1]  411 	CLR	(0x60,X)
      000343 CCr03r4E         [ 2]  412 	JP	PrintVal
      000346                        413 AdjTwo:
      000346 E6 60            [ 1]  414 	LD	A,(0x60,X)
      000348 A1 03            [ 1]  415 	CP	A,#3
      00034A 26 02            [ 1]  416 	JRNE	PrintVal
      00034C 6F 60            [ 1]  417 	CLR	(0x60,X)
      00034E                        418 PrintVal:
      00034E E6 60            [ 1]  419 	LD	A,(0x60,X)
      000350 AB 30            [ 1]  420 	ADD	A,#48 ; Adjust to ASCII
      000352 CDr04r20         [ 4]  421 	CALL	PopulateShift
      000355 CDr04r73         [ 4]  422 	CALL	SendLetter
      000358 CDr04r92         [ 4]  423 	CALL	Backspace
      00035B CDr03rFF         [ 4]  424 	CALL	ClearShift
      00035E                        425 SkipClkInc:
      00035E 85               [ 2]  426 	POPW	X
      00035F 81               [ 4]  427 	RET
      000360                        428 AlarmSetLogic:
      000360 89               [ 2]  429 	PUSHW	X
      000361 72 0E 50 0B 3C   [ 2]  430 	BTJT	0x500B,#7,SkipAlmMov ; Is move button pressed?
      000366 72 03 00 52 37   [ 2]  431 	BTJF	0x52,#1,SkipAlmMov
      00036B 72 05 00 52 32   [ 2]  432 	BTJF	0x52,#2,SkipAlmMov
      000370 72 13 00 52      [ 1]  433 	BRES	0x52,#1
      000374 72 15 00 52      [ 1]  434 	BRES	0x52,#2
      000378 3C 56            [ 1]  435 	INC	0x56 ; Inc cursor position
      00037A 3C 57            [ 1]  436 	INC	0x57 ; inc number index
      00037C B6 56            [ 1]  437 	LD	A,0x56
      00037E A1 02            [ 1]  438 	CP	A,#2 ; Is Colon?
      000380 27 0B            [ 1]  439 	JREQ	MovTwoAlm ; Yes Move Two
      000382 A1 05            [ 1]  440 	CP	A,#5 ; Is Colon?
      000384 27 07            [ 1]  441 	JREQ	MovTwoAlm ; Yes Move Two
      000386 A1 08            [ 1]  442 	CP	A,#8 ; Is at end?
      000388 27 0E            [ 1]  443 	JREQ	ToStartAlm ; Yes reset Cursor
      00038A CCr03r92         [ 2]  444 	JP	MovOneAlm ; Else move cursor Regularly
      00038D                        445 MovTwoAlm:
      00038D CDr04rAA         [ 4]  446 	CALL	MovRight
      000390 3C 56            [ 1]  447 	INC	0x56
      000392                        448 MovOneAlm:
      000392 CDr04rAA         [ 4]  449 	CALL	MovRight
      000395 CCr03rA2         [ 2]  450 	JP	SkipAlmMov
      000398                        451 ToStartAlm:
      000398 3F 56            [ 1]  452 	CLR	0x56
      00039A 3F 57            [ 1]  453 	CLR	0x57
      00039C CDr04rAA         [ 4]  454 	CALL	MovRight ; Adjust to correct position before moving home
      00039F CDr04rB6         [ 4]  455 	CALL	ReturnHome
      0003A2                        456 SkipAlmMov:
      0003A2 72 0C 50 0B 56   [ 2]  457 	BTJT	0x500B,#6,SkipAlmInc ; Is increment button pressed?
      0003A7 72 03 00 52 51   [ 2]  458 	BTJF	0x52,#1,SkipAlmInc
      0003AC 72 05 00 52 4C   [ 2]  459 	BTJF	0x52,#2,SkipAlmInc
      0003B1 72 13 00 52      [ 1]  460 	BRES	0x52,#1
      0003B5 72 15 00 52      [ 1]  461 	BRES	0x52,#2
      0003B9 A6 05            [ 1]  462 	LD	A, #5
      0003BB B0 57            [ 1]  463 	SUB	A, 0x57 ; Adjust for registers being revesed from inx. (Hrs->sec vs sec->hrs)
      0003BD 5F               [ 1]  464 	CLRW	X
      0003BE 41               [ 1]  465 	EXG	A,XL
      0003BF 6C 66            [ 1]  466 	INC	(0x66,X) ; Adjust each alarm register
      0003C1 B6 57            [ 1]  467 	LD	A, 0x57 ; Below just checks for overflow
      0003C3 A1 00            [ 1]  468 	CP	A,#0
      0003C5 27 1E            [ 1]  469 	JREQ	AdjTwoAlm
      0003C7 A1 02            [ 1]  470 	CP	A,#2
      0003C9 27 0F            [ 1]  471 	JREQ	AdjSixAlm
      0003CB A1 04            [ 1]  472 	CP	A,#4
      0003CD 27 0B            [ 1]  473 	JREQ	AdjSixAlm
      0003CF E6 66            [ 1]  474 	LD	A,(0x66,X)
      0003D1 A1 0A            [ 1]  475 	CP	A,#10
      0003D3 26 18            [ 1]  476 	JRNE	PrintValAlm
      0003D5 6F 66            [ 1]  477 	CLR	(0x66,X)
      0003D7 CCr03rED         [ 2]  478 	JP	PrintValAlm
      0003DA                        479 AdjSixAlm:
      0003DA E6 66            [ 1]  480 	LD	A,(0x66,X)
      0003DC A1 06            [ 1]  481 	CP	A,#6
      0003DE 26 0D            [ 1]  482 	JRNE	PrintValAlm
      0003E0 6F 66            [ 1]  483 	CLR	(0x66,X)
      0003E2 CCr03rED         [ 2]  484 	JP	PrintValAlm
      0003E5                        485 AdjTwoAlm:
      0003E5 E6 66            [ 1]  486 	LD	A,(0x66,X)
      0003E7 A1 03            [ 1]  487 	CP	A,#3
      0003E9 26 02            [ 1]  488 	JRNE	PrintValAlm
      0003EB 6F 66            [ 1]  489 	CLR	(0x66,X)
      0003ED                        490 PrintValAlm:
                                    491 ; Throw new value to display
      0003ED E6 66            [ 1]  492 	LD	A,(0x66,X)
      0003EF AB 30            [ 1]  493 	ADD	A,#48 ; Adjust to ASCII
      0003F1 CDr04r20         [ 4]  494 	CALL	PopulateShift
      0003F4 CDr04r73         [ 4]  495 	CALL	SendLetter
      0003F7 CDr04r92         [ 4]  496 	CALL	Backspace
      0003FA CDr03rFF         [ 4]  497 	CALL	ClearShift
      0003FD                        498 SkipAlmInc:
      0003FD 85               [ 2]  499 	POPW	X
      0003FE 81               [ 4]  500 	RET
                                    501 ;	Clears the shift register
      0003FF                        502 ClearShift:
      0003FF 88               [ 1]  503 	PUSH	A
      000400 A6 08            [ 1]  504 	LD	A,#8
      000402 72 13 50 0F      [ 1]  505 	BRES	0x500F, #1
      000406                        506 ClearLoop:
      000406 72 16 50 0F      [ 1]  507 	BSET	0x500F, #3
      00040A 9D               [ 1]  508 	NOP
      00040B 72 17 50 0F      [ 1]  509 	BRES	0x500F, #3
      00040F 4A               [ 1]  510 	DEC	A
      000410 27 03            [ 1]  511 	JREQ	ClearDone
      000412 CCr04r06         [ 2]  512 	JP	ClearLoop
      000415                        513 ClearDone:
      000415 72 14 50 0F      [ 1]  514 	BSET	0x500F, #2
      000419 9D               [ 1]  515 	NOP
      00041A 72 15 50 0F      [ 1]  516 	BRES	0x500F, #2
      00041E 84               [ 1]  517 	POP	A
      00041F 81               [ 4]  518 	RET
                                    519 ;	Populates shift register with value in A
      000420                        520 PopulateShift:
      000420 CDr06r0D         [ 4]  521 	CALL	DumbDelay
      000423 89               [ 2]  522 	PUSHW	X
      000424 B7 50            [ 1]  523 	LD	0x50, A
      000426 AE 00 08         [ 2]  524 	LDW	X,#8
      000429                        525 PopLoop:
      000429 27 22            [ 1]  526 	JREQ	PopDone
      00042B 72 0E 00 50 03   [ 2]  527 	BTJT	0x50,#7,ShiftO
      000430 CCr04r3A         [ 2]  528 	JP	ShiftZ
      000433                        529 ShiftO:
      000433 72 12 50 0F      [ 1]  530 	BSET	0x500F, #1
      000437 CCr04r3E         [ 2]  531 	JP	PulseClk
      00043A                        532 ShiftZ:
      00043A 72 13 50 0F      [ 1]  533 	BRES	0x500F, #1
      00043E                        534 PulseClk:
      00043E 72 16 50 0F      [ 1]  535 	BSET	0x500F, #3
      000442 9D               [ 1]  536 	NOP
      000443 72 17 50 0F      [ 1]  537 	BRES	0x500F, #3
      000447 38 50            [ 1]  538 	SLL	0x50
      000449 5A               [ 2]  539 	DECW	X
      00044A CCr04r29         [ 2]  540 	JP	PopLoop
      00044D                        541 PopDone:
      00044D 72 14 50 0F      [ 1]  542 	BSET	0x500F, #2
      000451 9D               [ 1]  543 	NOP
      000452 72 15 50 0F      [ 1]  544 	BRES	0x500F, #2
      000456 85               [ 2]  545 	POPW	X
      000457 81               [ 4]  546 	ret
      000458                        547 SendCommand:
      000458 72 1B 50 0F      [ 1]  548 	BRES	0x500F, #5 ; Clear RS
      00045C 72 1D 50 0F      [ 1]  549 	BRES	0x500F, #6 ; Clear E
      000460 72 1C 50 0F      [ 1]  550 	BSET	0x500F, #6 ; Set E to send instruction
      000464 9D               [ 1]  551 	NOP
      000465 9D               [ 1]  552 	NOP
      000466 9D               [ 1]  553 	NOP
      000467 72 1D 50 0F      [ 1]  554 	BRES	0x500F, #6 ; Clear E
      00046B 9D               [ 1]  555 	NOP
      00046C 9D               [ 1]  556 	NOP
      00046D 9D               [ 1]  557 	NOP	; Little delay
      00046E 72 1B 50 0F      [ 1]  558 	BRES	0x500F, #5 ; Clear RS
      000472 81               [ 4]  559 	RET
      000473                        560 SendLetter:
      000473 72 1B 50 0F      [ 1]  561 	BRES	0x500F, #5 ; Clear RS
      000477 72 1D 50 0F      [ 1]  562 	BRES	0x500F, #6 ; Clear E
      00047B 72 1C 50 0F      [ 1]  563 	BSET	0x500F, #6 ; Set E to send instruction
      00047F 72 1A 50 0F      [ 1]  564 	BSET	0x500F, #5 ; Set RS
      000483 9D               [ 1]  565 	NOP
      000484 9D               [ 1]  566 	NOP
      000485 9D               [ 1]  567 	NOP
      000486 72 1D 50 0F      [ 1]  568 	BRES	0x500F, #6 ; Clear E
      00048A 9D               [ 1]  569 	NOP
      00048B 9D               [ 1]  570 	NOP
      00048C 9D               [ 1]  571 	NOP
      00048D 72 1B 50 0F      [ 1]  572 	BRES	0x500F, #5 ; Clear RS
      000491 81               [ 4]  573 	RET
      000492                        574 Backspace:
      000492 CDr03rFF         [ 4]  575 	CALL	ClearShift
      000495 A6 10            [ 1]  576 	LD	A, #0b00010000; Shift cursor left
      000497 CDr04r20         [ 4]  577 	CALL	PopulateShift
      00049A CDr04r58         [ 4]  578 	CALL	SendCommand
      00049D 81               [ 4]  579 	RET
      00049E                        580 ClearScreen:
      00049E A6 01            [ 1]  581 	LD	A, #1 ; Clear Display
      0004A0 CDr04r20         [ 4]  582 	CALL	PopulateShift
      0004A3 CDr04r58         [ 4]  583 	CALL	SendCommand
      0004A6 CDr03rFF         [ 4]  584 	CALL	ClearShift
      0004A9 81               [ 4]  585 	RET
      0004AA                        586 MovRight:
      0004AA CDr03rFF         [ 4]  587 	CALL	ClearShift
      0004AD A6 14            [ 1]  588 	LD	A, #0b00010100
      0004AF CDr04r20         [ 4]  589 	CALL	PopulateShift
      0004B2 CDr04r58         [ 4]  590 	CALL	SendCommand
      0004B5 81               [ 4]  591 	RET
      0004B6                        592 ReturnHome:
      0004B6 CDr04r92         [ 4]  593 	CALL	Backspace
      0004B9 CDr04r92         [ 4]  594 	CALL	Backspace
      0004BC CDr04r92         [ 4]  595 	CALL	Backspace
      0004BF CDr04r92         [ 4]  596 	CALL	Backspace
      0004C2 CDr04r92         [ 4]  597 	CALL	Backspace
      0004C5 CDr04r92         [ 4]  598 	CALL	Backspace
      0004C8 CDr04r92         [ 4]  599 	CALL	Backspace
      0004CB CDr04r92         [ 4]  600 	CALL	Backspace
      0004CE 81               [ 4]  601 	RET
      0004CF                        602 AdjustTime:
      0004CF B6 60            [ 1]  603 	LD	A,0x60 ; Are seconds low (00:00:0X) overflow?
      0004D1 A1 0A            [ 1]  604 	CP	A,#10
      0004D3 26 40            [ 1]  605 	JRNE	AdjTimeDoneSec
      0004D5                        606 SecLowOv:
      0004D5 3C 61            [ 1]  607 	INC	0x61 ; Yes inc sec high (00:00:X0)
      0004D7 B6 61            [ 1]  608 	LD	A,0x61
      0004D9 3F 60            [ 1]  609 	CLR	0x60 ; Are sec high overflow?
      0004DB A1 06            [ 1]  610 	CP	A,#6
      0004DD 26 32            [ 1]  611 	JRNE	AdjTimeDone
      0004DF                        612 SecHighOver:
      0004DF 3C 62            [ 1]  613 	INC	0x62 ; Are mins low over?
      0004E1 B6 62            [ 1]  614 	LD	A,0x62
      0004E3 3F 61            [ 1]  615 	CLR	0x61
      0004E5 A1 0A            [ 1]  616 	CP	A,#10
      0004E7 26 28            [ 1]  617 	JRNE	AdjTimeDone
      0004E9                        618 MinLowOver:
      0004E9 3C 63            [ 1]  619 	INC	0x63 ; Are mins high over?
      0004EB B6 63            [ 1]  620 	LD	A,0x63
      0004ED 3F 62            [ 1]  621 	CLR	0x62
      0004EF A1 06            [ 1]  622 	CP	A,#6
      0004F1 26 1E            [ 1]  623 	JRNE	AdjTimeDone
      0004F3                        624 MinHighOver:
      0004F3 3C 64            [ 1]  625 	INC	0x64 ; hour low++
      0004F5 3F 63            [ 1]  626 	CLR	0x63 ; min high = 0
                                    627 ;	carry hour low if it hit 10
      0004F7 B6 64            [ 1]  628 	LD	A,0x64
      0004F9 A1 0A            [ 1]  629 	CP	A,#10
      0004FB 26 04            [ 1]  630 	JRNE	Check24
      0004FD 3F 64            [ 1]  631 	CLR	0x64
      0004FF 3C 65            [ 1]  632 	INC	0x65
      000501                        633 Check24:
                                    634 ;	reset only at 24:00
      000501 B6 65            [ 1]  635 	LD	A,0x65
      000503 A1 02            [ 1]  636 	CP	A,#2
      000505 26 0A            [ 1]  637 	JRNE	AdjTimeDone
      000507 B6 64            [ 1]  638 	LD	A,0x64
      000509 A1 04            [ 1]  639 	CP	A,#4
      00050B 26 04            [ 1]  640 	JRNE	AdjTimeDone
      00050D 3F 65            [ 1]  641 	CLR	0x65
      00050F 3F 64            [ 1]  642 	CLR	0x64
      000511                        643 AdjTimeDone:
      000511 CDr05r16         [ 4]  644 	CALL	ResetClk
      000514 81               [ 4]  645 	RET
      000515                        646 AdjTimeDoneSec:
      000515 81               [ 4]  647 	RET
      000516                        648 ResetClk:
      000516 CDr04r9E         [ 4]  649 	CALL	ClearScreen
      000519 B6 65            [ 1]  650 	LD	A, 0x65
      00051B AB 30            [ 1]  651 	ADD	A,#48 ; Adjust to ASCII
      00051D CDr04r20         [ 4]  652 	CALL	PopulateShift
      000520 CDr04r73         [ 4]  653 	CALL	SendLetter
      000523 CDr03rFF         [ 4]  654 	CALL	ClearShift
      000526 B6 64            [ 1]  655 	LD	A, 0x64
      000528 AB 30            [ 1]  656 	ADD	A,#48 ; Adjust to ASCII
      00052A CDr04r20         [ 4]  657 	CALL	PopulateShift
      00052D CDr04r73         [ 4]  658 	CALL	SendLetter
      000530 CDr03rFF         [ 4]  659 	CALL	ClearShift
      000533 A6 3A            [ 1]  660 	LD	A,#0x3A
      000535 CDr04r20         [ 4]  661 	CALL	PopulateShift
      000538 CDr04r73         [ 4]  662 	CALL	SendLetter
      00053B CDr03rFF         [ 4]  663 	CALL	ClearShift
      00053E B6 63            [ 1]  664 	LD	A, 0x63
      000540 AB 30            [ 1]  665 	ADD	A,#48 ; Adjust to ASCII
      000542 CDr04r20         [ 4]  666 	CALL	PopulateShift
      000545 CDr04r73         [ 4]  667 	CALL	SendLetter
      000548 CDr03rFF         [ 4]  668 	CALL	ClearShift
      00054B B6 62            [ 1]  669 	LD	A, 0x62
      00054D AB 30            [ 1]  670 	ADD	A,#48 ; Adjust to ASCII
      00054F CDr04r20         [ 4]  671 	CALL	PopulateShift
      000552 CDr04r73         [ 4]  672 	CALL	SendLetter
      000555 CDr03rFF         [ 4]  673 	CALL	ClearShift
      000558 A6 3A            [ 1]  674 	LD	A,#0x3A
      00055A CDr04r20         [ 4]  675 	CALL	PopulateShift
      00055D CDr04r73         [ 4]  676 	CALL	SendLetter
      000560 CDr03rFF         [ 4]  677 	CALL	ClearShift
      000563 B6 61            [ 1]  678 	LD	A, 0x61
      000565 AB 30            [ 1]  679 	ADD	A,#48 ; Adjust to ASCII
      000567 CDr04r20         [ 4]  680 	CALL	PopulateShift
      00056A CDr04r73         [ 4]  681 	CALL	SendLetter
      00056D CDr03rFF         [ 4]  682 	CALL	ClearShift
      000570 B6 60            [ 1]  683 	LD	A, 0x60
      000572 AB 30            [ 1]  684 	ADD	A,#48 ; Adjust to ASCII
      000574 CDr04r20         [ 4]  685 	CALL	PopulateShift
      000577 CDr04r73         [ 4]  686 	CALL	SendLetter
      00057A CDr03rFF         [ 4]  687 	CALL	ClearShift
      00057D 72 11 00 53      [ 1]  688 	BRES	0x53,#0
      000581 72 13 00 53      [ 1]  689 	BRES	0x53,#1
      000585 72 15 00 53      [ 1]  690 	BRES	0x53,#2
                                    691 ;CALL	ClockMode
      000589 81               [ 4]  692 	RET
      00058A                        693 DispAlarm:
      00058A CDr04r9E         [ 4]  694 	CALL	ClearScreen
      00058D B6 6B            [ 1]  695 	LD	A, 0x6B
      00058F AB 30            [ 1]  696 	ADD	A,#48 ; Adjust to ASCII
      000591 CDr04r20         [ 4]  697 	CALL	PopulateShift
      000594 CDr04r73         [ 4]  698 	CALL	SendLetter
      000597 CDr03rFF         [ 4]  699 	CALL	ClearShift
      00059A B6 6A            [ 1]  700 	LD	A, 0x6A
      00059C AB 30            [ 1]  701 	ADD	A,#48 ; Adjust to ASCII
      00059E CDr04r20         [ 4]  702 	CALL	PopulateShift
      0005A1 CDr04r73         [ 4]  703 	CALL	SendLetter
      0005A4 CDr03rFF         [ 4]  704 	CALL	ClearShift
      0005A7 A6 3A            [ 1]  705 	LD	A,#0x3A
      0005A9 CDr04r20         [ 4]  706 	CALL	PopulateShift
      0005AC CDr04r73         [ 4]  707 	CALL	SendLetter
      0005AF CDr03rFF         [ 4]  708 	CALL	ClearShift
      0005B2 B6 69            [ 1]  709 	LD	A, 0x69
      0005B4 AB 30            [ 1]  710 	ADD	A,#48 ; Adjust to ASCII
      0005B6 CDr04r20         [ 4]  711 	CALL	PopulateShift
      0005B9 CDr04r73         [ 4]  712 	CALL	SendLetter
      0005BC CDr03rFF         [ 4]  713 	CALL	ClearShift
      0005BF B6 68            [ 1]  714 	LD	A, 0x68
      0005C1 AB 30            [ 1]  715 	ADD	A,#48 ; Adjust to ASCII
      0005C3 CDr04r20         [ 4]  716 	CALL	PopulateShift
      0005C6 CDr04r73         [ 4]  717 	CALL	SendLetter
      0005C9 CDr03rFF         [ 4]  718 	CALL	ClearShift
      0005CC A6 3A            [ 1]  719 	LD	A,#0x3A
      0005CE CDr04r20         [ 4]  720 	CALL	PopulateShift
      0005D1 CDr04r73         [ 4]  721 	CALL	SendLetter
      0005D4 CDr03rFF         [ 4]  722 	CALL	ClearShift
      0005D7 B6 67            [ 1]  723 	LD	A, 0x67
      0005D9 AB 30            [ 1]  724 	ADD	A,#48 ; Adjust to ASCII
      0005DB CDr04r20         [ 4]  725 	CALL	PopulateShift
      0005DE CDr04r73         [ 4]  726 	CALL	SendLetter
      0005E1 CDr03rFF         [ 4]  727 	CALL	ClearShift
      0005E4 B6 66            [ 1]  728 	LD	A, 0x66
      0005E6 AB 30            [ 1]  729 	ADD	A,#48 ; Adjust to ASCII
      0005E8 CDr04r20         [ 4]  730 	CALL	PopulateShift
      0005EB CDr04r73         [ 4]  731 	CALL	SendLetter
      0005EE CDr03rFF         [ 4]  732 	CALL	ClearShift
      0005F1 72 11 00 53      [ 1]  733 	BRES	0x53,#0
      0005F5 72 13 00 53      [ 1]  734 	BRES	0x53,#1
      0005F9 72 15 00 53      [ 1]  735 	BRES	0x53,#2
                                    736 ;CALL	ClockMode
      0005FD 81               [ 4]  737 	RET
      0005FE                        738 MakeBeep:
      0005FE 72 0F 00 53 05   [ 2]  739 	BTJF	0x53,#7,SkipBeep
      000603 90 18 50 0F      [ 1]  740 	BCPL	0x500F, #4 ; Toggle Port D, Pin 4 (Creates 500Hz Tone)
      000607 81               [ 4]  741 	RET
      000608                        742 SkipBeep:
      000608 72 19 50 0F      [ 1]  743 	BRES	0x500F,#4
      00060C 81               [ 4]  744 	RET
      00060D                        745 DumbDelay:
      00060D 89               [ 2]  746 	PUSHW	X
      00060E AE FF FF         [ 2]  747 	LDW	X, #0xFFFF
      000611                        748 DumbLoop:
      000611 5A               [ 2]  749 	DECW	X
      000612 27 03            [ 1]  750 	JREQ	DumbDone
      000614 CCr06r11         [ 2]  751 	JP	DumbLoop
      000617                        752 DumbDone:
      000617 85               [ 2]  753 	POPW	X
      000618 81               [ 4]  754 	RET
                                    755 ;	main.c: 756: }
      000619 81               [ 4]  756 	ret
                                    757 	.area CODE
                                    758 	.area CONST
                                    759 	.area INITIALIZER
                                    760 	.area CABS (ABS)
